<?xml version="1.0" encoding="utf-8"?><testsuites name="pytest tests"><testsuite name="pytest" errors="0" failures="0" skipped="0" tests="107" time="8.127" timestamp="2025-10-17T01:30:20.598573+02:00" hostname="GIGA-PC-W10"><testcase classname="tests.gesture_engine.actions.test_capabilities" name="test_capabilities_all_present" file="tests\gesture_engine\actions\test_capabilities.py" line="5" time="0.002" /><testcase classname="tests.gesture_engine.actions.test_capabilities" name="test_capabilities_missing_on_non_windows" file="tests\gesture_engine\actions\test_capabilities.py" line="46" time="0.001" /><testcase classname="tests.gesture_engine.actions.test_click_action" name="test_start_click" file="tests\gesture_engine\actions\test_click_action.py" line="28" time="0.007" /><testcase classname="tests.gesture_engine.actions.test_click_action" name="test_handle_active_triggers_hold" file="tests\gesture_engine\actions\test_click_action.py" line="40" time="0.002" /><testcase classname="tests.gesture_engine.actions.test_click_action" name="test_release_click_short_tap" file="tests\gesture_engine\actions\test_click_action.py" line="55" time="0.002" /><testcase classname="tests.gesture_engine.actions.test_click_action" name="test_release_click_hold" file="tests\gesture_engine\actions\test_click_action.py" line="77" time="0.002" /><testcase classname="tests.gesture_engine.actions.test_click_action" name="test_release_click_no_start_time" file="tests\gesture_engine\actions\test_click_action.py" line="97" time="0.002" /><testcase classname="tests.gesture_engine.actions.test_click_action" name="test_update_click_state_active" file="tests\gesture_engine\actions\test_click_action.py" line="105" time="0.002" /><testcase classname="tests.gesture_engine.actions.test_click_action" name="test_update_click_state_repeat_active" file="tests\gesture_engine\actions\test_click_action.py" line="117" time="0.001" /><testcase classname="tests.gesture_engine.actions.test_click_action" name="test_update_click_state_deactivates" file="tests\gesture_engine\actions\test_click_action.py" line="125" time="0.001" /><testcase classname="tests.gesture_engine.actions.test_click_action" name="test_get_click_state_name" file="tests\gesture_engine\actions\test_click_action.py" line="134" time="0.001" /><testcase classname="tests.gesture_engine.actions.test_click_action" name="test_handle_click_sets_active" file="tests\gesture_engine\actions\test_click_action.py" line="150" time="0.001" /><testcase classname="tests.gesture_engine.actions.test_close_program_action" name="test_handle_close_program_ok" file="tests\gesture_engine\actions\test_close_program_action.py" line="11" time="0.003" /><testcase classname="tests.gesture_engine.actions.test_close_program_action" name="test_handle_close_program_no_window" file="tests\gesture_engine\actions\test_close_program_action.py" line="24" time="0.001" /><testcase classname="tests.gesture_engine.actions.test_move_mouse_action" name="test_handle_move_mouse_sets_position" file="tests\gesture_engine\actions\test_move_mouse_action.py" line="11" time="0.005" /><testcase classname="tests.gesture_engine.actions.test_move_mouse_action" name="test_stop_mouse_thread" file="tests\gesture_engine\actions\test_move_mouse_action.py" line="24" time="0.002" /><testcase classname="tests.gesture_engine.actions.test_volume_action" name="test_handle_volume_adjusting_maps_to_percent" file="tests\gesture_engine\actions\test_volume_action.py" line="29" time="0.002" /><testcase classname="tests.gesture_engine.core.test_classifier_backend" name="test_torch_gru_backend_load_and_predict_placeholder" file="tests\gesture_engine\core\test_classifier_backend.py" line="9" time="0.001" /><testcase classname="tests.gesture_engine.core.test_classifier_backend" name="test_torch_gru_backend_predict_requires_load" file="tests\gesture_engine\core\test_classifier_backend.py" line="21" time="0.001" /><testcase classname="tests.gesture_engine.core.test_classifier_backend" name="test_torch_gru_backend_close_noop" file="tests\gesture_engine\core\test_classifier_backend.py" line="31" time="0.001" /><testcase classname="tests.gesture_engine.core.test_gesture_loader" name="test_load_gestures_from_dir_and_file" file="tests\gesture_engine\core\test_gesture_loader.py" line="20" time="0.015" /><testcase classname="tests.gesture_engine.core.test_gesture_loader" name="test_load_gestures_skips_invalid_file_and_item" file="tests\gesture_engine\core\test_gesture_loader.py" line="41" time="0.006" /><testcase classname="tests.gesture_engine.core.test_gesture_matcher" name="test_static_matcher_activates_and_deactivates" file="tests\gesture_engine\core\test_gesture_matcher.py" line="32" time="0.001" /><testcase classname="tests.gesture_engine.core.test_gesture_matcher" name="test_static_matcher_best_of_two" file="tests\gesture_engine\core\test_gesture_matcher.py" line="67" time="0.001" /><testcase classname="tests.gesture_engine.core.test_gesture_runtime" name="test_runtime_prefers_higher_priority_over_confidence" file="tests\gesture_engine\core\test_gesture_runtime.py" line="13" time="0.001" /><testcase classname="tests.gesture_engine.core.test_gesture_runtime" name="test_runtime_fallback_when_one_none" file="tests\gesture_engine\core\test_gesture_runtime.py" line="46" time="0.001" /><testcase classname="tests.gesture_engine.core.test_gesture_runtime" name="test_runtime_confidence_break_tie" file="tests\gesture_engine\core\test_gesture_runtime.py" line="66" time="0.001" /><testcase classname="tests.gesture_engine.core.test_gesture_schema" name="test_normalize_static_def_happy" file="tests\gesture_engine\core\test_gesture_schema.py" line="9" time="0.001" /><testcase classname="tests.gesture_engine.core.test_gesture_schema" name="test_normalize_sequence_def_happy" file="tests\gesture_engine\core\test_gesture_schema.py" line="29" time="0.001" /><testcase classname="tests.gesture_engine.core.test_gesture_schema" name="test_normalize_gesture_def_invalid_type" file="tests\gesture_engine\core\test_gesture_schema.py" line="46" time="0.001" /><testcase classname="tests.gesture_engine.core.test_gesture_schema" name="test_static_missing_name_raises" file="tests\gesture_engine\core\test_gesture_schema.py" line="51" time="0.001" /><testcase classname="tests.gesture_engine.core.test_gesture_schema" name="test_sequence_missing_states_raises" file="tests\gesture_engine\core\test_gesture_schema.py" line="56" time="0.001" /><testcase classname="tests.gesture_engine.core.test_handlers" name="test_gesture_handlers_keys" file="tests\gesture_engine\core\test_handlers.py" line="10" time="0.001" /><testcase classname="tests.gesture_engine.core.test_handlers" name="test_gesture_handlers_values_are_callable" file="tests\gesture_engine\core\test_handlers.py" line="16" time="0.001" /><testcase classname="tests.gesture_engine.core.test_hooks" name="test_register_and_trigger_hook" file="tests\gesture_engine\core\test_hooks.py" line="12" time="0.004" /><testcase classname="tests.gesture_engine.core.test_hooks" name="test_handle_click_reset_on_change" file="tests\gesture_engine\core\test_hooks.py" line="25" time="0.003" /><testcase classname="tests.gesture_engine.core.test_hooks" name="test_handle_click_reset_on_none" file="tests\gesture_engine\core\test_hooks.py" line="37" time="0.002" /><testcase classname="tests.gesture_engine.core.test_hooks" name="test_volume_hook_registers_and_sets_adjusting" file="tests\gesture_engine\core\test_hooks.py" line="51" time="0.002" /><testcase classname="tests.gesture_engine.core.test_hooks" name="test_volume_reset_on_exit" file="tests\gesture_engine\core\test_hooks.py" line="77" time="0.002" /><testcase classname="tests.gesture_engine.core.test_hooks" name="test_reset_hooks_state_clears_click_and_volume" file="tests\gesture_engine\core\test_hooks.py" line="91" time="0.002" /><testcase classname="tests.gesture_engine.core.test_hooks_extra" name="test_volume_hook_registers_and_sets_adjusting" file="tests\gesture_engine\core\test_hooks_extra.py" line="6" time="0.002" /><testcase classname="tests.gesture_engine.core.test_hooks_extra" name="test_volume_reset_on_exit" file="tests\gesture_engine\core\test_hooks_extra.py" line="32" time="0.002" /><testcase classname="tests.gesture_engine.detector.test_gesture_detector" name="test_load_gesture_detectors" file="tests\gesture_engine\detector\test_gesture_detector.py" line="12" time="0.011" /><testcase classname="tests.gesture_engine.detector.test_gesture_detector" name="test_load_with_import_error" file="tests\gesture_engine\detector\test_gesture_detector.py" line="44" time="0.005" /><testcase classname="tests.gesture_engine.detector.test_gesture_detector" name="test_detect_gesture_first_match" file="tests\gesture_engine\detector\test_gesture_detector.py" line="63" time="0.002" /><testcase classname="tests.gesture_engine.detector.test_gesture_detector" name="test_detect_gesture_no_match" file="tests\gesture_engine\detector\test_gesture_detector.py" line="74" time="0.002" /><testcase classname="tests.gesture_engine.detector.test_gesture_detector" name="test_detect_gesture_logs_every_10th" file="tests\gesture_engine\detector\test_gesture_detector.py" line="85" time="0.002" /><testcase classname="tests.gesture_engine.detector.test_hand_tracker" name="test_hand_tracker_init" file="tests\gesture_engine\detector\test_hand_tracker.py" line="11" time="0.003" /><testcase classname="tests.gesture_engine.detector.test_hand_tracker" name="test_hand_tracker_process" file="tests\gesture_engine\detector\test_hand_tracker.py" line="30" time="0.002" /><testcase classname="tests.gesture_engine.detector.test_mediapipe_wrapper" name="test_camera_not_opened" file="tests\gesture_engine\detector\test_mediapipe_wrapper.py" line="25" time="0.002" /><testcase classname="tests.gesture_engine.detector.test_mediapipe_wrapper" name="test_read_failed" file="tests\gesture_engine\detector\test_mediapipe_wrapper.py" line="38" time="0.002" /><testcase classname="tests.gesture_engine.detector.test_mediapipe_wrapper" name="test_no_hand_detected" file="tests\gesture_engine\detector\test_mediapipe_wrapper.py" line="50" time="0.001" /><testcase classname="tests.gesture_engine.detector.test_mediapipe_wrapper" name="test_hand_detected" file="tests\gesture_engine\detector\test_mediapipe_wrapper.py" line="75" time="0.002" /><testcase classname="tests.gesture_engine.gestures.test_click_gesture" name="test_detect_click_positive" file="tests\gesture_engine\gestures\test_click_gesture.py" line="23" time="0.001" /><testcase classname="tests.gesture_engine.gestures.test_click_gesture" name="test_detect_click_negative" file="tests\gesture_engine\gestures\test_click_gesture.py" line="37" time="0.001" /><testcase classname="tests.gesture_engine.gestures.test_close_program_gesture" name="test_detect_close_program_positive" file="tests\gesture_engine\gestures\test_close_program_gesture.py" line="42" time="0.001" /><testcase classname="tests.gesture_engine.gestures.test_close_program_gesture" name="test_detect_close_program_negative_when_not_all_bent" file="tests\gesture_engine\gestures\test_close_program_gesture.py" line="52" time="0.001" /><testcase classname="tests.gesture_engine.gestures.test_move_mouse_gesture" name="test_detect_move_mouse_positive" file="tests\gesture_engine\gestures\test_move_mouse_gesture.py" line="30" time="0.001" /><testcase classname="tests.gesture_engine.gestures.test_move_mouse_gesture" name="test_detect_move_mouse_negative_when_not_all_conditions" file="tests\gesture_engine\gestures\test_move_mouse_gesture.py" line="41" time="0.001" /><testcase classname="tests.gesture_engine.gestures.test_scroll_gesture" name="test_detect_scroll_positive" file="tests\gesture_engine\gestures\test_scroll_gesture.py" line="30" time="0.001" /><testcase classname="tests.gesture_engine.gestures.test_scroll_gesture" name="test_detect_scroll_negative_when_pinky_not_straight" file="tests\gesture_engine\gestures\test_scroll_gesture.py" line="40" time="0.001" /><testcase classname="tests.gesture_engine.gestures.test_volume_gesture" name="test_idle_to_init_pinch_below_threshold" file="tests\gesture_engine\gestures\test_volume_gesture.py" line="56" time="0.001" /><testcase classname="tests.gesture_engine.gestures.test_volume_gesture" name="test_init_to_reference_set_after_stable_extension" file="tests\gesture_engine\gestures\test_volume_gesture.py" line="67" time="0.002" /><testcase classname="tests.gesture_engine.gestures.test_volume_gesture" name="test_reference_set_to_adjusting_then_keep" file="tests\gesture_engine\gestures\test_volume_gesture.py" line="93" time="0.001" /><testcase classname="tests.gesture_engine.gestures.test_volume_gesture" name="test_reset_to_idle_when_pinched_far_apart" file="tests\gesture_engine\gestures\test_volume_gesture.py" line="114" time="0.001" /><testcase classname="tests.gesture_engine.test_hooks_reset" name="test_reset_hooks_state_clears_click_and_volume" file="tests\gesture_engine\test_hooks_reset.py" line="4" time="0.102" /><testcase classname="tests.gesture_engine.utils.test_geometry" name="test_distance_horizontal" file="tests\gesture_engine\utils\test_geometry.py" line="18" time="0.001" /><testcase classname="tests.gesture_engine.utils.test_geometry" name="test_distance_diagonal" file="tests\gesture_engine\utils\test_geometry.py" line="25" time="0.001" /><testcase classname="tests.gesture_engine.utils.test_geometry" name="test_angle_between_straight_line" file="tests\gesture_engine\utils\test_geometry.py" line="32" time="0.002" /><testcase classname="tests.gesture_engine.utils.test_geometry" name="test_angle_between_perpendicular" file="tests\gesture_engine\utils\test_geometry.py" line="40" time="0.002" /><testcase classname="tests.gesture_engine.utils.test_geometry" name="test_angle_between_zero_length_vector" file="tests\gesture_engine\utils\test_geometry.py" line="48" time="0.001" /><testcase classname="tests.gesture_engine.utils.test_hand_features" name="test_normalize_landmarks_short_input_returns_same" file="tests\gesture_engine\utils\test_hand_features.py" line="17" time="0.001" /><testcase classname="tests.gesture_engine.utils.test_hand_features" name="test_normalize_landmarks_centers_and_scales" file="tests\gesture_engine\utils\test_hand_features.py" line="23" time="0.001" /><testcase classname="tests.gesture_engine.utils.test_hand_features" name="test_finger_direction_unit_vector" file="tests\gesture_engine\utils\test_hand_features.py" line="34" time="0.001" /><testcase classname="tests.gesture_engine.utils.test_hand_features" name="test_curl_score_extremes" file="tests\gesture_engine\utils\test_hand_features.py" line="43" time="0.001" /><testcase classname="tests.gesture_engine.utils.test_hand_features" name="test_pinch_distance_norm" file="tests\gesture_engine\utils\test_hand_features.py" line="58" time="0.001" /><testcase classname="tests.gesture_engine.utils.test_performance" name="test_initial_state" file="tests\gesture_engine\utils\test_performance.py" line="11" time="0.002" /><testcase classname="tests.gesture_engine.utils.test_performance" name="test_update_increases_delay_and_sets_fps" file="tests\gesture_engine\utils\test_performance.py" line="19" time="0.051" /><testcase classname="tests.gesture_engine.utils.test_performance" name="test_multiple_updates_reduce_delta" file="tests\gesture_engine\utils\test_performance.py" line="31" time="0.112" /><testcase classname="tests.gesture_engine.utils.test_pycaw_controller" name="test_set_and_get_volume_non_windows" file="tests\gesture_engine\utils\test_pycaw_controller.py" line="3" time="0.002" /><testcase classname="tests.gesture_engine.utils.test_pycaw_controller" name="test_set_and_get_volume_windows_stubbed" file="tests\gesture_engine\utils\test_pycaw_controller.py" line="12" time="0.001" /><testcase classname="tests.gesture_engine.utils.test_pycaw_controller" name="test_set_get_volume_windows_interface_exception" file="tests\gesture_engine\utils\test_pycaw_controller.py" line="40" time="0.001" /><testcase classname="tests.gesture_engine.utils.test_pycaw_controller_exceptions" name="test_set_get_volume_windows_interface_exception" file="tests\gesture_engine\utils\test_pycaw_controller_exceptions.py" line="3" time="0.001" /><testcase classname="tests.gesture_engine.utils.test_video_capture" name="test_threaded_capture_init" file="tests\gesture_engine\utils\test_video_capture.py" line="12" time="0.028" /><testcase classname="tests.gesture_engine.utils.test_video_capture" name="test_threaded_capture_read" file="tests\gesture_engine\utils\test_video_capture.py" line="39" time="0.024" /><testcase classname="tests.gesture_engine.utils.test_video_capture" name="test_threaded_capture_stop" file="tests\gesture_engine\utils\test_video_capture.py" line="55" time="0.025" /><testcase classname="tests.gesture_engine.utils.test_video_capture" name="test_threaded_capture_raises_when_camera_not_opened" file="tests\gesture_engine\utils\test_video_capture.py" line="69" time="0.001" /><testcase classname="tests.gesture_engine.utils.test_video_capture" name="test_threaded_capture_handles_read_exception" file="tests\gesture_engine\utils\test_video_capture.py" line="96" time="0.066" /><testcase classname="tests.gesture_engine.utils.test_visualizer" name="test_visualizer_scaling" file="tests\gesture_engine\utils\test_visualizer.py" line="19" time="0.001" /><testcase classname="tests.gesture_engine.utils.test_visualizer" name="test_draw_label" file="tests\gesture_engine\utils\test_visualizer.py" line="26" time="0.002" /><testcase classname="tests.gesture_engine.utils.test_visualizer" name="test_draw_fps" file="tests\gesture_engine\utils\test_visualizer.py" line="44" time="0.001" /><testcase classname="tests.gesture_engine.utils.test_visualizer" name="test_draw_frametime" file="tests\gesture_engine\utils\test_visualizer.py" line="62" time="0.002" /><testcase classname="tests.gesture_engine.utils.test_visualizer" name="test_draw_current_gesture_with_name" file="tests\gesture_engine\utils\test_visualizer.py" line="80" time="0.002" /><testcase classname="tests.gesture_engine.utils.test_visualizer" name="test_draw_current_gesture_none" file="tests\gesture_engine\utils\test_visualizer.py" line="98" time="0.002" /><testcase classname="tests.gesture_engine.utils.test_visualizer" name="test_draw_landmarks" file="tests\gesture_engine\utils\test_visualizer.py" line="116" time="0.001" /><testcase classname="tests.gesture_engine.utils.test_visualizer" name="test_draw_hand_box_with_label" file="tests\gesture_engine\utils\test_visualizer.py" line="128" time="0.004" /><testcase classname="tests.gesture_engine.utils.test_visualizer" name="test_draw_hand_box_no_label" file="tests\gesture_engine\utils\test_visualizer.py" line="143" time="0.005" /><testcase classname="tests.gesture_trainer.test_calibrator" name="test_calibrate_and_load" file="tests\gesture_trainer\test_calibrator.py" line="24" time="0.005" /><testcase classname="tests.gesture_trainer.test_classifier" name="test_classifier_train_predict_save_load" file="tests\gesture_trainer\test_classifier.py" line="7" time="2.053" /><testcase classname="tests.gesture_trainer.test_manager" name="test_assign_and_get_action" file="tests\gesture_trainer\test_manager.py" line="8" time="0.006" /><testcase classname="tests.gesture_trainer.test_manager" name="test_train_and_save_model" file="tests\gesture_trainer\test_manager.py" line="26" time="0.008" /><testcase classname="tests.gesture_trainer.test_normalizer" name="test_normalize_raises_without_calibration" file="tests\gesture_trainer\test_normalizer.py" line="5" time="0.001" /><testcase classname="tests.gesture_trainer.test_normalizer" name="test_normalize_ok" file="tests\gesture_trainer\test_normalizer.py" line="11" time="0.001" /><testcase classname="tests.gesture_trainer.test_recorder" name="test_record_sample_writes_data" file="tests\gesture_trainer\test_recorder.py" line="8" time="0.006" /><testcase classname="tests.gesture_trainer.test_recorder" name="test_load_all_samples_empty_returns_empty" file="tests\gesture_trainer\test_recorder.py" line="23" time="0.003" /><testcase classname="tests.gui.test_processing" name="test_detect_and_draw_with_preview" file="tests\gui\test_processing.py" line="42" time="0.001" /><testcase classname="tests.gui.test_processing" name="test_detect_and_draw_without_preview" file="tests\gui\test_processing.py" line="68" time="0.001" /></testsuite></testsuites>
