<?xml version="1.0" encoding="utf-8"?><testsuites name="pytest tests"><testsuite name="pytest" errors="0" failures="0" skipped="0" tests="46" time="3.336" timestamp="2025-10-12T22:58:39.867630+02:00" hostname="GIGA-PC-W10"><testcase classname="tests.gesture_engine.actions.test_click_action" name="test_start_click" time="0.007" /><testcase classname="tests.gesture_engine.actions.test_click_action" name="test_handle_active_triggers_hold" time="0.002" /><testcase classname="tests.gesture_engine.actions.test_click_action" name="test_release_click_short_tap" time="0.002" /><testcase classname="tests.gesture_engine.actions.test_click_action" name="test_release_click_hold" time="0.003" /><testcase classname="tests.gesture_engine.actions.test_click_action" name="test_release_click_no_start_time" time="0.001" /><testcase classname="tests.gesture_engine.actions.test_click_action" name="test_update_click_state_active" time="0.030" /><testcase classname="tests.gesture_engine.actions.test_click_action" name="test_update_click_state_repeat_active" time="0.001" /><testcase classname="tests.gesture_engine.actions.test_click_action" name="test_update_click_state_deactivates" time="0.001" /><testcase classname="tests.gesture_engine.actions.test_click_action" name="test_get_click_state_name" time="0.001" /><testcase classname="tests.gesture_engine.actions.test_click_action" name="test_handle_click_sets_active" time="0.001" /><testcase classname="tests.gesture_engine.actions.test_close_program_action" name="test_handle_close_program_ok" time="0.003" /><testcase classname="tests.gesture_engine.actions.test_close_program_action" name="test_handle_close_program_no_window" time="0.001" /><testcase classname="tests.gesture_engine.actions.test_move_mouse_action" name="test_handle_move_mouse_sets_position" time="0.002" /><testcase classname="tests.gesture_engine.actions.test_move_mouse_action" name="test_stop_mouse_thread" time="0.001" /><testcase classname="tests.gesture_engine.core.test_handlers" name="test_gesture_handlers_keys" time="0.001" /><testcase classname="tests.gesture_engine.core.test_handlers" name="test_gesture_handlers_values_are_callable" time="0.001" /><testcase classname="tests.gesture_engine.core.test_hooks" name="test_register_and_trigger_hook" time="0.003" /><testcase classname="tests.gesture_engine.core.test_hooks" name="test_handle_click_reset_on_change" time="0.002" /><testcase classname="tests.gesture_engine.core.test_hooks" name="test_handle_click_reset_on_none" time="0.002" /><testcase classname="tests.gesture_engine.detector.test_gesture_detector" name="test_load_gesture_detectors" time="0.005" /><testcase classname="tests.gesture_engine.detector.test_gesture_detector" name="test_load_with_import_error" time="0.002" /><testcase classname="tests.gesture_engine.detector.test_gesture_detector" name="test_detect_gesture_first_match" time="0.001" /><testcase classname="tests.gesture_engine.detector.test_gesture_detector" name="test_detect_gesture_no_match" time="0.001" /><testcase classname="tests.gesture_engine.detector.test_gesture_detector" name="test_detect_gesture_logs_every_10th" time="0.002" /><testcase classname="tests.gesture_engine.detector.test_hand_tracker" name="test_hand_tracker_init" time="0.003" /><testcase classname="tests.gesture_engine.detector.test_hand_tracker" name="test_hand_tracker_process" time="0.002" /><testcase classname="tests.gesture_engine.utils.test_geometry" name="test_distance_horizontal" time="0.001" /><testcase classname="tests.gesture_engine.utils.test_geometry" name="test_distance_diagonal" time="0.001" /><testcase classname="tests.gesture_engine.utils.test_geometry" name="test_angle_between_straight_line" time="0.001" /><testcase classname="tests.gesture_engine.utils.test_geometry" name="test_angle_between_perpendicular" time="0.001" /><testcase classname="tests.gesture_engine.utils.test_geometry" name="test_angle_between_zero_length_vector" time="0.001" /><testcase classname="tests.gesture_engine.utils.test_performance" name="test_initial_state" time="0.001" /><testcase classname="tests.gesture_engine.utils.test_performance" name="test_update_increases_delay_and_sets_fps" time="0.052" /><testcase classname="tests.gesture_engine.utils.test_performance" name="test_multiple_updates_reduce_delta" time="0.112" /><testcase classname="tests.gesture_engine.utils.test_video_capture" name="test_threaded_capture_init" time="0.017" /><testcase classname="tests.gesture_engine.utils.test_video_capture" name="test_threaded_capture_read" time="0.014" /><testcase classname="tests.gesture_engine.utils.test_video_capture" name="test_threaded_capture_stop" time="0.014" /><testcase classname="tests.gesture_engine.utils.test_visualizer" name="test_visualizer_scaling" time="0.001" /><testcase classname="tests.gesture_engine.utils.test_visualizer" name="test_draw_label" time="0.002" /><testcase classname="tests.gesture_engine.utils.test_visualizer" name="test_draw_fps" time="0.001" /><testcase classname="tests.gesture_engine.utils.test_visualizer" name="test_draw_frametime" time="0.001" /><testcase classname="tests.gesture_engine.utils.test_visualizer" name="test_draw_current_gesture_with_name" time="0.001" /><testcase classname="tests.gesture_engine.utils.test_visualizer" name="test_draw_current_gesture_none" time="0.001" /><testcase classname="tests.gesture_engine.utils.test_visualizer" name="test_draw_landmarks" time="0.002" /><testcase classname="tests.gesture_engine.utils.test_visualizer" name="test_draw_hand_box_with_label" time="0.004" /><testcase classname="tests.gesture_engine.utils.test_visualizer" name="test_draw_hand_box_no_label" time="0.004" /></testsuite></testsuites>